zynq linux debug
---

1. docs

- https://hhuysqt.github.io/tags/zynq/
- https://blog.csdn.net/qq_36322990/article/details/107845484

2. tools
- 2021.1

3. project_1 update
- update project_1 of ebaz4205's repo from 2019.1 to 2021.1
open project_1.xpr by Vivado 2021.1, and follow the steps.
- enable TTC (TTC0)
- export hardware to design_1_wrapper.xsa

4. install petalinux
- install gcc-multilib (will un-install gcc-aarch64-linux-gnu and g++-aarch64-linux-gnu automaticly)
- install petalinux
- re-install gcc-aarch64-linux-gnu and g++-aarch64-linux-gnu (will remove multilib automaticly)

5. build petalinux
chdir to ~/ebaz4025 then:
- . ~/petalinux/settings.sh
- petalinux-create --type project --template zynq --name linux
- petalinux-config --get-hw-description=../project_1/
DTG Settings --> (template) MACHINE_NAME --> zc702
(default) set rootfs as in RAM.
- (optional) petalinux-config -c u-boot
- (optional) petalinux-config
- petalinux-build
- petalinux-package --boot --format BIN --fsbl ./images/linux/zynq_fsbl.elf --fpga system.bit --u-boot

6. boot zynq
- copy BOOT.bin, boot.scr and image.ub to SD card.
- power on board, enter u-boot cmd line.
- check whether image.ub is available
Zynq> if test -e mmc 0:1 /image.ub; then echo a ;fi
a
- load image.ub and boot
Zynq> fatload mmc 0:1 0x08000000 image.ub              
13002024 bytes read in 2148 ms (5.8 MiB/s)
Zynq> bootm 0x08000000
## Loading kernel from FIT Image at 08000000 ...
   Using 'conf-system-top.dtb' configuration
   Verifying Hash Integrity ... OK

- boot log (stuck at libphy)
Zynq> fatload mmc 0:1 0x08000000 image.ub
13002024 bytes read in 2148 ms (5.8 MiB/s)
Zynq> bootm 0x08000000
## Loading kernel from FIT Image at 08000000 ...
   Using 'conf-system-top.dtb' configuration
   Verifying Hash Integrity ... OK
   Trying 'kernel-1' kernel subimage
     Description:  Linux kernel
     Type:         Kernel Image
     Compression:  uncompressed
     Data Start:   0x080000f8
     Data Size:    4589000 Bytes = 4.4 MiB
     Architecture: ARM
     OS:           Linux
     Load Address: 0x00200000
     Entry Point:  0x00200000
     Hash algo:    sha256
     Hash value:   219a17c8486701a0713405c927be2ecc9aa60c29effb1d4a82b879d187cc16e4
   Verifying Hash Integrity ... sha256+ OK
## Loading ramdisk from FIT Image at 08000000 ...
   Using 'conf-system-top.dtb' configuration
   Verifying Hash Integrity ... OK
   Trying 'ramdisk-1' ramdisk subimage
     Description:  petalinux-image-minimal
     Type:         RAMDisk Image
     Compression:  uncompressed
     Data Start:   0x08466e90
     Data Size:    8384802 Bytes = 8 MiB
     Architecture: ARM
     OS:           Linux
     Load Address: unavailable
     Entry Point:  unavailable
     Hash algo:    sha256
     Hash value:   160f8cf19b7965f7aa623a38e9378d78e47d66b16bf1b291d6ad6a328720e1dd
   Verifying Hash Integrity ... sha256+ OK
## Loading fdt from FIT Image at 08000000 ...
   Using 'conf-system-top.dtb' configuration
   Verifying Hash Integrity ... OK
   Trying 'fdt-system-top.dtb' fdt subimage
     Description:  Flattened Device Tree blob
     Type:         Flat Device Tree
     Compression:  uncompressed
     Data Start:   0x084607cc
     Data Size:    26101 Bytes = 25.5 KiB
     Architecture: ARM
     Hash algo:    sha256
     Hash value:   59e427712df4981972289074603b1a6a70d99ce19137e708b62e3b496b880a4a
   Verifying Hash Integrity ... sha256+ OK
   Booting using the fdt blob at 0x84607cc

ZYNQ GEM: e000b000, mdio bus e000b000, phyaddr 7, interface gmii
Could not get PHY for eth0: addr 7
   Loading Kernel Image
   Loading Ramdisk to 0e2e7000, end 0eae6122 ... OK
   Loading Device Tree to 0e2dd000, end 0e2e65f4 ... OK

Starting kernel ...

Booting Linux on physical CPU 0x0
Linux version 5.10.0-xilinx-v2021.1 (oe-user@oe-host) (arm-xilinx-linux-gnueabi-gcc (GCC) 10.2.0, GNU ld (GNU Binutils) 2.35.1) #1 SMP PREEMPT Fri Jun 4 15:57:16 UTC 2021
CPU: ARMv7 Processor [413fc090] revision 0 (ARMv7), cr=18c5387d
CPU: PIPT / VIPT nonaliasing data cache, VIPT aliasing instruction cache
OF: fdt: Machine model: Zynq ZC702 Development Board
earlycon: cdns0 at MMIO 0xe0001000 (options '115200n8')
printk: bootconsole [cdns0] enabled
Memory policy: Data cache writealloc
cma: Reserved 16 MiB at 0x0f000000
Zone ranges:
  Normal   [mem 0x0000000000000000-0x000000000fffffff]
  HighMem  empty
Movable zone start for each node
Early memory node ranges
  node   0: [mem 0x0000000000000000-0x000000000fffffff]
Initmem setup node 0 [mem 0x0000000000000000-0x000000000fffffff]
percpu: Embedded 15 pages/cpu s32332 r8192 d20916 u61440
Built 1 zonelists, mobility grouping on.  Total pages: 64960
Kernel command line: console=ttyPS0,115200 earlycon root=/dev/ram0 rw
Dentry cache hash table entries: 32768 (order: 5, 131072 bytes, linear)
Inode-cache hash table entries: 16384 (order: 4, 65536 bytes, linear)
mem auto-init: stack:off, heap alloc:off, heap free:off
Memory: 222592K/262144K available (7168K kernel code, 269K rwdata, 1868K rodata, 1024K init, 161K bss, 23168K reserved, 16384K cma-reserved, 0K highmem)
rcu: Preemptible hierarchical RCU implementation.
rcu:    RCU event tracing is enabled.
rcu:    RCU restricting CPUs from NR_CPUS=4 to nr_cpu_ids=2.
        Trampoline variant of Tasks RCU enabled.
rcu: RCU calculated value of scheduler-enlistment delay is 10 jiffies.
rcu: Adjusting geometry for rcu_fanout_leaf=16, nr_cpu_ids=2
NR_IRQS: 16, nr_irqs: 16, preallocated irqs: 16
efuse mapped to (ptrval)
slcr mapped to (ptrval)
GIC physical location is 0xf8f01000
L2C: platform modifies aux control register: 0x72360000 -> 0x72760000
L2C: DT/platform modifies aux control register: 0x72360000 -> 0x72760000
L2C-310 erratum 769419 enabled
L2C-310 enabling early BRESP for Cortex-A9
L2C-310 full line of zeros enabled for Cortex-A9
L2C-310 ID prefetch enabled, offset 1 lines
L2C-310 dynamic clock gating enabled, standby mode enabled
L2C-310 cache controller enabled, 8 ways, 512 kB
L2C-310: CACHE_ID 0x410000c8, AUX_CTRL 0x76760001
random: get_random_bytes called from start_kernel+0x2c0/0x4a0 with crng_init=0
zynq_clock_init: clkc starts at (ptrval)
Zynq clock init
sched_clock: 64 bits at 333MHz, resolution 3ns, wraps every 4398046511103ns
clocksource: arm_global_timer: mask: 0xffffffffffffffff max_cycles: 0x4ce07af025, max_idle_ns: 440795209040 ns
Switching to timer-based delay loop, resolution 3ns
Console: colour dummy device 80x30
Calibrating delay loop (skipped), value calculated using timer frequency.. 666.66 BogoMIPS (lpj=3333333)
pid_max: default: 32768 minimum: 301
Mount-cache hash table entries: 1024 (order: 0, 4096 bytes, linear)
Mountpoint-cache hash table entries: 1024 (order: 0, 4096 bytes, linear)
CPU: Testing write buffer coherency: ok
CPU0: Spectre v2: using BPIALL workaround
CPU0: thread -1, cpu 0, socket 0, mpidr 80000000
Setting up static identity map for 0x100000 - 0x100060
rcu: Hierarchical SRCU implementation.
smp: Bringing up secondary CPUs ...
CPU1: thread -1, cpu 1, socket 0, mpidr 80000001
CPU1: Spectre v2: using BPIALL workaround
smp: Brought up 1 node, 2 CPUs
SMP: Total of 2 processors activated (1333.33 BogoMIPS).
CPU: All CPU(s) started in SVC mode.
devtmpfs: initialized
VFP support v0.3: implementor 41 architecture 3 part 30 variant 9 rev 4
clocksource: jiffies: mask: 0xffffffff max_cycles: 0xffffffff, max_idle_ns: 19112604462750000 ns
futex hash table entries: 512 (order: 3, 32768 bytes, linear)
pinctrl core: initialized pinctrl subsystem
NET: Registered protocol family 16
DMA: preallocated 256 KiB pool for atomic coherent allocations
thermal_sys: Registered thermal governor 'step_wise'
cpuidle: using governor menu
hw-breakpoint: found 5 (+1 reserved) breakpoint and 1 watchpoint registers.
hw-breakpoint: maximum watchpoint size is 4 bytes.
zynq-ocm f800c000.ocmc: can't request region for resource [mem 0xfffc0000-0xffffffff]
zynq-ocm: probe of f800c000.ocmc failed with error -16
vgaarb: loaded
SCSI subsystem initialized
usbcore: registered new interface driver usbfs
usbcore: registered new interface driver hub
usbcore: registered new device driver usb
mc: Linux media interface: v0.10
videodev: Linux video capture interface: v2.00
pps_core: LinuxPPS API ver. 1 registered
pps_core: Software ver. 5.3.6 - Copyright 2005-2007 Rodolfo Giometti <giometti@linux.it>
PTP clock support registered
EDAC MC: Ver: 3.0.0
FPGA manager framework
Advanced Linux Sound Architecture Driver Initialized.
clocksource: Switched to clocksource arm_global_timer
NET: Registered protocol family 2
tcp_listen_portaddr_hash hash table entries: 512 (order: 0, 6144 bytes, linear)
TCP established hash table entries: 2048 (order: 1, 8192 bytes, linear)
TCP bind hash table entries: 2048 (order: 2, 16384 bytes, linear)
TCP: Hash tables configured (established 2048 bind 2048)
UDP hash table entries: 256 (order: 1, 8192 bytes, linear)
UDP-Lite hash table entries: 256 (order: 1, 8192 bytes, linear)
NET: Registered protocol family 1
RPC: Registered named UNIX socket transport module.
RPC: Registered udp transport module.
RPC: Registered tcp transport module.
RPC: Registered tcp NFSv4.1 backchannel transport module.
PCI: CLS 0 bytes, default 64
Trying to unpack rootfs image as initramfs...
Freeing initrd memory: 8192K
hw perfevents: no interrupt-affinity property for /pmu@f8891000, guessing.
hw perfevents: enabled with armv7_cortex_a9 PMU driver, 7 counters available
workingset: timestamp_bits=14 max_order=16 bucket_order=2
jffs2: version 2.2. (NAND) (SUMMARY)  Â© 2001-2006 Red Hat, Inc.
io scheduler mq-deadline registered
io scheduler kyber registered
zynq-pinctrl 700.pinctrl: zynq pinctrl initialized
dma-pl330 f8003000.dmac: Loaded driver for PL330 DMAC-241330
dma-pl330 f8003000.dmac:        DBUFF-128x8bytes Num_Chans-8 Num_Peri-4 Num_Events-16
brd: module loaded
loop: module loaded
libphy: Fixed MDIO 

